// Jest Snapshot v1, https://goo.gl/fbAQLP

exports[`test.vue should render correctly 1`] = `
<div>
  <h1>Hello Mark</h1>
  <button></button>
  <p id="output">0</p>
</div>
`;
