// Jest Snapshot v1, https://goo.gl/fbAQLP

exports[`test.vue should render correctly 1`] = `
<div class="flex xs12">
  <div class="v-input v-input--selection-controls v-input--checkbox">
    <div class="v-input__control">
      <div class="v-input__slot">
        <div class="v-input--selection-controls__input">
          <input aria-label="some label" aria-checked="false" role="checkbox" type="checkbox">
          <div class="v-input--selection-controls__ripple"></div>
          <i aria-hidden="true" class="v-icon material-icons">check_box_outline_blank</i>
        </div>
        <label aria-hidden="true" class="v-label" style="left: 0px; position: relative;">some label</label>
      </div>
      <div class="v-messages">
        <div class="v-messages__wrapper"></div>
      </div>
    </div>
  </div>
</div>
`;
